// Jest Snapshot v1, https://goo.gl/fbAQLP

exports[`renders ClassroomCard correctly should match snapshot 1`] = `
<View
  accessible={true}
  collapsable={false}
  focusable={true}
  nativeID="animatedComponent"
  onClick={[Function]}
  onResponderGrant={[Function]}
  onResponderMove={[Function]}
  onResponderRelease={[Function]}
  onResponderTerminate={[Function]}
  onResponderTerminationRequest={[Function]}
  onStartShouldSetResponder={[Function]}
  style={
    Object {
      "opacity": 1,
    }
  }
>
  <View
    style={
      Object {
        "borderBottomColor": "#c1c1c1",
        "borderBottomWidth": 1,
        "display": "flex",
        "height": 120,
        "justifyContent": "center",
        "paddingHorizontal": 24,
      }
    }
  >
    <Text
      style={
        Object {
          "fontSize": 24,
          "fontWeight": "600",
        }
      }
    >
      Mock Class
    </Text>
    <View
      style={
        Object {
          "alignItems": "baseline",
          "display": "flex",
          "flexDirection": "row",
          "justifyContent": "space-between",
        }
      }
    >
      <Text
        style={
          Object {
            "fontSize": 18,
            "fontWeight": "400",
            "marginTop": 8,
          }
        }
      >
        Children:
         
        1
      </Text>
      <View
        style={
          Object {
            "alignItems": "baseline",
            "display": "flex",
            "flexDirection": "row",
            "justifyContent": "space-between",
          }
        }
      >
        <Text
          allowFontScaling={false}
          style={
            Array [
              Object {
                "color": undefined,
                "fontSize": 20,
              },
              undefined,
              Object {
                "fontFamily": "Material Icons",
                "fontStyle": "normal",
                "fontWeight": "normal",
              },
              Object {},
            ]
          }
        >
          
        </Text>
        <Text
          style={
            Object {
              "fontSize": 18,
              "fontWeight": "400",
              "marginHorizontal": 4,
            }
          }
        >
          0
        </Text>
        <Text
          allowFontScaling={false}
          style={
            Array [
              Object {
                "color": undefined,
                "fontSize": 20,
              },
              undefined,
              Object {
                "fontFamily": "Material Icons",
                "fontStyle": "normal",
                "fontWeight": "normal",
              },
              Object {},
            ]
          }
        >
          
        </Text>
        <Text
          style={
            Object {
              "fontSize": 18,
              "fontWeight": "400",
              "marginHorizontal": 4,
            }
          }
        >
          1
        </Text>
      </View>
    </View>
  </View>
</View>
`;
